page 289 chapter 11 lines 1
page 290 chapter 11 lines 23
page 291 chapter 11 lines 11
page 292 chapter 11 lines 5
page 293 chapter 11 lines 8
page 294 chapter 11 lines 7
page 295 chapter 11 lines 11
page 296 chapter 11 lines 18
page 297 chapter 11 lines 74
page 298 chapter 11 lines 12
page 299 chapter 11 lines 29
page 300 chapter 11 lines 47
page 301 chapter 11 lines 12
page 302 chapter 11 lines 6
page 303 chapter 11 lines 10
page 304 chapter 11 lines 13
page 305 chapter 11 lines 18
page 306 chapter 11 lines 34
page 307 chapter 11 lines 7
page 308 chapter 11 lines 6
page 309 chapter 11 lines 5
page 310 chapter 11 lines 9
page 311 chapter 11 lines 12
page 312 chapter 11 lines 10
page 313 chapter 11 lines 13
page 314 chapter 11 lines 23
page 315 chapter 11 lines 28
page 316 chapter 11 lines 9
page 317 chapter 11 lines 12
page 318 chapter 11 lines 10
page 319 chapter 11 lines 14
