page 225 chapter 8 lines 13
page 226 chapter 8 lines 9
page 227 chapter 8 lines 12
page 228 chapter 8 lines 12
page 229 chapter 8 lines 19
page 230 chapter 9 lines 6
page 231 chapter 9 lines 16
page 232 chapter 9 lines 10
page 233 chapter 9 lines 12
page 234 chapter 9 lines 9
page 235 chapter 9 lines 37
page 236 chapter 9 lines 9
page 237 chapter 9 lines 48
page 238 chapter 9 lines 67
page 239 chapter 9 lines 82
page 240 chapter 9 lines 77
page 241 chapter 9 lines 92
page 242 chapter 9 lines 96
page 243 chapter 9 lines 59
page 244 chapter 9 lines 6
page 245 chapter 9 lines 6
page 246 chapter 9 lines 8
page 247 chapter 9 lines 5
page 248 chapter 9 lines 5
page 249 chapter 9 lines 4
page 250 chapter 9 lines 5
page 251 chapter 9 lines 9
page 252 chapter 9 lines 13
page 253 chapter 9 lines 12
page 254 chapter 9 lines 15
page 255 chapter 9 lines 55
page 256 chapter 9 lines 58
page 257 chapter 9 lines 12
page 258 chapter 9 lines 17
page 259 chapter 9 lines 41
page 260 chapter 9 lines 43
page 261 chapter 10 lines 6
page 262 chapter 10 lines 7
page 263 chapter 10 lines 8
page 264 chapter 10 lines 50
page 265 chapter 10 lines 9
page 266 chapter 10 lines 46
page 267 chapter 10 lines 7
page 268 chapter 10 lines 13
page 269 chapter 10 lines 52
page 270 chapter 10 lines 11
page 271 chapter 10 lines 50
page 272 chapter 10 lines 5
page 273 chapter 10 lines 34
page 274 chapter 10 lines 13
page 275 chapter 10 lines 20
page 276 chapter 10 lines 9
page 277 chapter 10 lines 11
page 278 chapter 10 lines 16
page 279 chapter 10 lines 19
page 280 chapter 10 lines 10
page 281 chapter 10 lines 13
page 282 chapter 10 lines 10
page 283 chapter 10 lines 14
page 284 chapter 10 lines 10
page 285 chapter 10 lines 14
page 286 chapter 11 lines 6
page 287 chapter 11 lines 16
page 288 chapter 11 lines 11
