page 320 chapter 12 lines 6
page 321 chapter 12 lines 13
page 322 chapter 12 lines 11
page 323 chapter 12 lines 6
page 324 chapter 12 lines 8
page 325 chapter 12 lines 7
page 326 chapter 12 lines 6
page 327 chapter 12 lines 10
page 328 chapter 12 lines 8
page 329 chapter 12 lines 5
page 330 chapter 12 lines 4
page 331 chapter 12 lines 31
page 332 chapter 12 lines 45
page 333 chapter 12 lines 42
page 334 chapter 12 lines 26
page 335 chapter 12 lines 26
page 336 chapter 12 lines 10
page 337 chapter 12 lines 13
page 338 chapter 12 lines 9
page 339 chapter 12 lines 12
page 340 chapter 12 lines 10
page 341 chapter 12 lines 14
page 342 chapter 12 lines 12
page 343 chapter 12 lines 15
page 344 chapter 12 lines 17
page 345 chapter 12 lines 21
page 346 chapter 13 lines 6
page 347 chapter 13 lines 48
page 348 chapter 13 lines 25
page 349 chapter 13 lines 15
page 350 chapter 13 lines 7
page 351 chapter 13 lines 19
page 352 chapter 13 lines 14
page 353 chapter 13 lines 19
page 354 chapter 13 lines 25
page 355 chapter 13 lines 20
page 356 chapter 13 lines 18
page 357 chapter 13 lines 32
page 358 chapter 13 lines 18
page 359 chapter 13 lines 11
page 360 chapter 13 lines 39
page 361 chapter 13 lines 10
page 362 chapter 13 lines 14
page 363 chapter 13 lines 9
page 364 chapter 13 lines 12
page 365 chapter 13 lines 9
page 366 chapter 13 lines 12
page 367 chapter 13 lines 13
page 368 chapter 13 lines 17
page 369 chapter 13 lines 10
page 370 chapter 13 lines 13
page 371 chapter 14 lines 6
page 372 chapter 14 lines 12
page 373 chapter 14 lines 10
page 374 chapter 14 lines 6
page 375 chapter 14 lines 8
page 376 chapter 14 lines 9
page 377 chapter 14 lines 10
page 378 chapter 14 lines 11
page 379 chapter 14 lines 7
page 380 chapter 14 lines 43
page 381 chapter 14 lines 13
page 382 chapter 14 lines 57
page 383 chapter 14 lines 6
page 384 chapter 14 lines 9
page 385 chapter 14 lines 9
page 386 chapter 14 lines 10
page 387 chapter 14 lines 11
page 388 chapter 14 lines 24
page 389 chapter 14 lines 9
page 390 chapter 14 lines 10
page 391 chapter 14 lines 10
page 392 chapter 14 lines 13
page 393 chapter 14 lines 13
page 394 chapter 14 lines 16
page 395 chapter 14 lines 10
page 396 chapter 14 lines 12
page 397 chapter 14 lines 9
page 398 chapter 14 lines 13
page 399 chapter 15 lines 6
page 400 chapter 15 lines 8
page 401 chapter 15 lines 11
page 402 chapter 15 lines 10
page 403 chapter 15 lines 51
page 404 chapter 15 lines 10
page 405 chapter 15 lines 24
page 406 chapter 15 lines 17
page 407 chapter 15 lines 14
page 408 chapter 15 lines 8
page 409 chapter 15 lines 12
page 410 chapter 15 lines 25
page 411 chapter 15 lines 19
page 412 chapter 15 lines 33
page 413 chapter 15 lines 5
page 414 chapter 15 lines 20
page 415 chapter 15 lines 5
page 416 chapter 15 lines 16
page 417 chapter 15 lines 9
page 418 chapter 15 lines 11
page 419 chapter 15 lines 9
page 420 chapter 15 lines 12
page 421 chapter 15 lines 15
page 422 chapter 15 lines 17
page 423 chapter 15 lines 19
page 424 chapter 15 lines 21
page 425 chapter 15 lines 9
page 426 chapter 15 lines 14
page 427 chapter 16 lines 6
page 428 chapter 16 lines 11
page 429 chapter 16 lines 10
page 430 chapter 16 lines 8
page 431 chapter 16 lines 7
page 432 chapter 16 lines 23
page 433 chapter 16 lines 51
page 434 chapter 16 lines 18
page 435 chapter 16 lines 24
page 436 chapter 16 lines 13
page 437 chapter 16 lines 12
page 438 chapter 16 lines 5
page 439 chapter 16 lines 13
page 440 chapter 16 lines 30
page 441 chapter 16 lines 26
page 442 chapter 16 lines 29
page 443 chapter 16 lines 11
page 444 chapter 16 lines 9
page 445 chapter 16 lines 13
page 446 chapter 16 lines 9
page 447 chapter 16 lines 12
page 448 chapter 16 lines 10
page 449 chapter 16 lines 14
page 450 chapter 16 lines 9
page 451 chapter 16 lines 12
page 452 chapter 16 lines 17
page 453 chapter 16 lines 18
page 454 chapter 17 lines 6
page 455 chapter 17 lines 7
page 456 chapter 17 lines 10
page 457 chapter 17 lines 6
page 458 chapter 17 lines 12
page 459 chapter 17 lines 15
page 460 chapter 17 lines 8
page 461 chapter 17 lines 15
page 462 chapter 17 lines 23
page 463 chapter 17 lines 28
page 464 chapter 17 lines 9
page 465 chapter 17 lines 9
page 466 chapter 17 lines 13
page 467 chapter 17 lines 9
page 468 chapter 17 lines 12
page 469 chapter 17 lines 9
page 470 chapter 17 lines 11
page 471 chapter 17 lines 23
page 472 chapter 17 lines 34
page 473 chapter 17 lines 10
page 474 chapter 17 lines 13
page 475 chapter 18 lines 6
page 476 chapter 18 lines 9
page 477 chapter 18 lines 4
page 478 chapter 18 lines 19
page 479 chapter 18 lines 14
page 480 chapter 18 lines 17
page 481 chapter 18 lines 21
page 482 chapter 18 lines 5
page 483 chapter 18 lines 7
page 484 chapter 18 lines 44
page 485 chapter 18 lines 32
page 486 chapter 18 lines 17
page 487 chapter 18 lines 49
page 488 chapter 18 lines 16
page 489 chapter 18 lines 5
page 490 chapter 18 lines 11
page 491 chapter 18 lines 22
page 492 chapter 18 lines 26
page 493 chapter 18 lines 26
page 494 chapter 18 lines 30
page 495 chapter 18 lines 7
page 496 chapter 18 lines 10
