page 497 chapter 18 lines 14
page 498 chapter 18 lines 9
page 499 chapter 18 lines 12
page 500 chapter 18 lines 10
page 501 chapter 18 lines 14
page 502 chapter 18 lines 22
page 503 chapter 18 lines 34
page 504 chapter 18 lines 10
page 505 chapter 18 lines 14
page 506 chapter 19 lines 6
page 507 chapter 19 lines 11
page 508 chapter 19 lines 5
page 509 chapter 19 lines 6
page 510 chapter 19 lines 5
page 511 chapter 19 lines 15
page 512 chapter 19 lines 26
page 513 chapter 19 lines 15
page 514 chapter 19 lines 11
page 515 chapter 19 lines 37
page 516 chapter 19 lines 27
page 517 chapter 19 lines 7
page 518 chapter 19 lines 10
page 519 chapter 19 lines 12
page 520 chapter 19 lines 24
page 521 chapter 19 lines 28
page 522 chapter 19 lines 10
page 523 chapter 19 lines 12
page 524 chapter 19 lines 10
page 525 chapter 19 lines 13
page 526 chapter 19 lines 11
page 527 chapter 19 lines 15
page 528 chapter 20 lines 6
page 529 chapter 20 lines 12
page 530 chapter 20 lines 10
page 531 chapter 20 lines 6
page 532 chapter 20 lines 8
page 533 chapter 20 lines 31
page 534 chapter 20 lines 7
page 535 chapter 20 lines 41
page 536 chapter 20 lines 11
page 537 chapter 20 lines 7
page 538 chapter 20 lines 11
page 539 chapter 20 lines 16
page 540 chapter 20 lines 10
page 541 chapter 20 lines 13
page 542 chapter 20 lines 10
page 543 chapter 20 lines 13
page 544 chapter 20 lines 9
page 545 chapter 20 lines 11
page 546 chapter 20 lines 9
page 547 chapter 20 lines 11
page 548 chapter 21 lines 6
page 549 chapter 21 lines 10
page 550 chapter 21 lines 9
page 551 chapter 21 lines 12
page 552 chapter 21 lines 5
page 553 chapter 21 lines 5
page 554 chapter 21 lines 33
page 555 chapter 21 lines 27
page 556 chapter 21 lines 4
page 557 chapter 21 lines 10
page 558 chapter 21 lines 14
page 559 chapter 21 lines 10
page 560 chapter 21 lines 13
page 561 chapter 21 lines 10
page 562 chapter 21 lines 13
page 563 chapter 21 lines 9
page 564 chapter 21 lines 12
page 565 chapter 21 lines 10
page 566 chapter 21 lines 14
page 567 chapter 22 lines 6
page 568 chapter 22 lines 13
page 569 chapter 22 lines 8
page 570 chapter 22 lines 6
page 571 chapter 22 lines 12
page 572 chapter 22 lines 6
page 573 chapter 22 lines 12
page 574 chapter 22 lines 14
page 575 chapter 22 lines 17
page 576 chapter 22 lines 6
page 577 chapter 22 lines 15
page 578 chapter 22 lines 18
page 579 chapter 22 lines 13
page 580 chapter 22 lines 16
page 581 chapter 22 lines 10
page 582 chapter 22 lines 13
page 583 chapter 22 lines 10
page 584 chapter 22 lines 13
page 585 chapter 22 lines 12
page 586 chapter 22 lines 14
page 587 chapter 23 lines 6
page 588 chapter 23 lines 12
page 589 chapter 23 lines 9
page 590 chapter 23 lines 6
page 591 chapter 23 lines 5
page 592 chapter 23 lines 16
page 593 chapter 23 lines 4
page 594 chapter 23 lines 12
page 595 chapter 23 lines 14
page 596 chapter 23 lines 27
page 597 chapter 23 lines 6
page 598 chapter 23 lines 6
page 599 chapter 23 lines 22
page 600 chapter 23 lines 28
page 601 chapter 23 lines 4
page 602 chapter 23 lines 9
page 603 chapter 23 lines 11
page 604 chapter 23 lines 14
page 605 chapter 23 lines 16
page 606 chapter 23 lines 10
page 607 chapter 23 lines 14
page 608 chapter 23 lines 9
page 609 chapter 23 lines 12
page 610 chapter 23 lines 10
page 611 chapter 23 lines 13
