page 41 chapter 2 lines 7
page 42 chapter 2 lines 5
page 43 chapter 2 lines 14
page 44 chapter 2 lines 9
page 45 chapter 2 lines 9
page 46 chapter 2 lines 10
page 47 chapter 2 lines 15
page 48 chapter 2 lines 13
page 49 chapter 2 lines 6
page 50 chapter 2 lines 10
page 51 chapter 2 lines 19
page 52 chapter 2 lines 11
page 53 chapter 2 lines 13
page 54 chapter 2 lines 12
page 55 chapter 2 lines 7
page 56 chapter 2 lines 14
page 57 chapter 2 lines 10
page 58 chapter 2 lines 12
page 59 chapter 2 lines 9
page 60 chapter 2 lines 12
page 61 chapter 2 lines 7
page 62 chapter 2 lines 10
page 63 chapter 2 lines 9
page 64 chapter 2 lines 11
page 65 chapter 2 lines 10
page 66 chapter 2 lines 12
page 67 chapter 3 lines 6
page 68 chapter 3 lines 8
page 69 chapter 3 lines 7
page 70 chapter 3 lines 9
page 71 chapter 3 lines 7
page 72 chapter 3 lines 31
page 73 chapter 3 lines 8
page 74 chapter 3 lines 40
page 75 chapter 3 lines 38
page 76 chapter 3 lines 8
page 77 chapter 3 lines 42
page 78 chapter 3 lines 8
page 79 chapter 3 lines 10
page 80 chapter 3 lines 6
page 81 chapter 3 lines 31
page 82 chapter 3 lines 30
page 83 chapter 3 lines 10
page 84 chapter 3 lines 22
page 85 chapter 3 lines 19
page 86 chapter 3 lines 6
page 87 chapter 3 lines 19
page 88 chapter 3 lines 26
page 89 chapter 3 lines 23
page 90 chapter 3 lines 24
page 91 chapter 3 lines 9
page 92 chapter 3 lines 11
page 93 chapter 3 lines 10
page 94 chapter 3 lines 12
page 95 chapter 3 lines 9
page 96 chapter 3 lines 11
page 97 chapter 3 lines 17
page 98 chapter 3 lines 18
page 99 chapter 3 lines 9
page 100 chapter 3 lines 12
page 101 chapter 4 lines 6
page 102 chapter 4 lines 12
page 103 chapter 4 lines 9
page 104 chapter 4 lines 11
page 105 chapter 4 lines 5
page 106 chapter 4 lines 8
page 107 chapter 4 lines 8
page 108 chapter 4 lines 9
page 109 chapter 4 lines 8
page 110 chapter 4 lines 10
page 111 chapter 4 lines 8
page 112 chapter 4 lines 14
page 113 chapter 4 lines 9
page 114 chapter 4 lines 7
page 115 chapter 4 lines 7
page 116 chapter 4 lines 10
page 117 chapter 4 lines 9
page 118 chapter 4 lines 12
page 119 chapter 4 lines 9
page 120 chapter 4 lines 13
page 121 chapter 4 lines 10
page 122 chapter 4 lines 13
page 123 chapter 4 lines 9
page 124 chapter 4 lines 13
page 125 chapter 4 lines 9
page 126 chapter 4 lines 12
page 127 chapter 5 lines 6
page 128 chapter 5 lines 10
page 129 chapter 5 lines 20
page 130 chapter 5 lines 22
page 131 chapter 5 lines 7
page 132 chapter 5 lines 8
page 133 chapter 5 lines 12
page 134 chapter 5 lines 15
page 135 chapter 5 lines 5
page 136 chapter 5 lines 20
page 137 chapter 5 lines 12
page 138 chapter 5 lines 9
page 139 chapter 5 lines 16
page 140 chapter 5 lines 23
page 141 chapter 5 lines 28
page 142 chapter 5 lines 17
page 143 chapter 5 lines 12
page 144 chapter 5 lines 12
page 145 chapter 5 lines 26
page 146 chapter 5 lines 9
page 147 chapter 5 lines 11
page 148 chapter 5 lines 11
page 149 chapter 5 lines 15
page 150 chapter 5 lines 11
page 151 chapter 5 lines 18
page 152 chapter 5 lines 10
page 153 chapter 5 lines 26
page 154 chapter 5 lines 11
page 155 chapter 5 lines 20
page 156 chapter 6 lines 6
page 157 chapter 6 lines 18
page 158 chapter 6 lines 7
page 159 chapter 6 lines 10
page 160 chapter 6 lines 11
page 161 chapter 6 lines 22
page 162 chapter 6 lines 9
page 163 chapter 6 lines 8
page 164 chapter 6 lines 23
page 165 chapter 6 lines 12
page 166 chapter 6 lines 19
page 167 chapter 6 lines 7
page 168 chapter 6 lines 10
page 169 chapter 6 lines 8
page 170 chapter 6 lines 10
page 171 chapter 6 lines 14
page 172 chapter 6 lines 9
page 173 chapter 6 lines 11
page 174 chapter 6 lines 10
page 175 chapter 6 lines 18
page 176 chapter 6 lines 10
page 177 chapter 6 lines 17
page 178 chapter 6 lines 10
page 179 chapter 6 lines 12
page 180 chapter 7 lines 6
page 181 chapter 7 lines 11
page 182 chapter 7 lines 10
page 183 chapter 7 lines 17
page 184 chapter 7 lines 14
page 185 chapter 7 lines 21
page 186 chapter 7 lines 19
page 187 chapter 7 lines 20
page 188 chapter 7 lines 8
page 189 chapter 7 lines 17
page 190 chapter 7 lines 12
page 191 chapter 7 lines 16
page 192 chapter 7 lines 12
page 193 chapter 7 lines 24
page 194 chapter 7 lines 9
page 195 chapter 7 lines 12
page 196 chapter 7 lines 9
page 197 chapter 7 lines 10
page 198 chapter 7 lines 9
page 199 chapter 7 lines 16
page 200 chapter 7 lines 9
page 201 chapter 7 lines 12
page 202 chapter 7 lines 9
page 203 chapter 7 lines 12
page 204 chapter 8 lines 6
page 205 chapter 8 lines 7
page 206 chapter 8 lines 5
page 207 chapter 8 lines 5
page 208 chapter 8 lines 10
page 209 chapter 8 lines 5
page 210 chapter 8 lines 8
page 211 chapter 8 lines 21
page 212 chapter 8 lines 8
page 213 chapter 8 lines 21
page 214 chapter 8 lines 7
page 215 chapter 8 lines 12
page 216 chapter 8 lines 6
page 217 chapter 8 lines 8
page 218 chapter 8 lines 9
page 219 chapter 8 lines 20
page 220 chapter 8 lines 10
page 221 chapter 8 lines 13
page 222 chapter 8 lines 9
page 223 chapter 8 lines 13
page 224 chapter 8 lines 10
