page 8 chapter 1 lines 74
page 9 chapter 1 lines 17
page 10 chapter 1 lines 7
page 11 chapter 1 lines 8
page 12 chapter 1 lines 23
page 13 chapter 1 lines 8
page 14 chapter 1 lines 6
page 15 chapter 1 lines 5
page 16 chapter 1 lines 7
page 17 chapter 1 lines 7
page 18 chapter 1 lines 9
page 19 chapter 1 lines 13
page 20 chapter 1 lines 9
page 21 chapter 1 lines 12
page 22 chapter 1 lines 10
page 23 chapter 1 lines 13
page 24 chapter 1 lines 9
page 25 chapter 1 lines 13
page 26 chapter 1 lines 10
page 27 chapter 1 lines 14
page 28 chapter 2 lines 6
page 29 chapter 2 lines 9
page 30 chapter 2 lines 7
page 31 chapter 2 lines 8
page 32 chapter 2 lines 5
page 33 chapter 2 lines 8
page 34 chapter 2 lines 7
page 35 chapter 2 lines 31
page 36 chapter 2 lines 9
page 37 chapter 2 lines 11
page 38 chapter 2 lines 19
page 39 chapter 2 lines 4
page 40 chapter 2 lines 9
